Command line invocation:
    /Applications/Xcode_15.4.app/Contents/Developer/usr/bin/xcodebuild clean build -project Amethyst.xcodeproj -scheme Amethyst -sdk iphoneos -configuration Release SYMROOT=/Users/runner/work/amethyst/amethyst/Amethyst/build CODE_SIGN_IDENTITY= CODE_SIGNING_REQUIRED=NO CODE_SIGNING_ALLOWED=NO ARCHS=arm64 ONLY_ACTIVE_ARCH=NO

User defaults from command line:
    IDEPackageSupportUseBuiltinSCM = YES

Build settings from command line:
    ARCHS = arm64
    CODE_SIGN_IDENTITY = 
    CODE_SIGNING_ALLOWED = NO
    CODE_SIGNING_REQUIRED = NO
    ONLY_ACTIVE_ARCH = NO
    SDKROOT = iphoneos17.5
    SYMROOT = /Users/runner/work/amethyst/amethyst/Amethyst/build

--- xcodebuild: WARNING: Using the first of multiple matching destinations:
{ platform:iOS, id:dvtdevice-DVTiPhonePlaceholder-iphoneos:placeholder, name:Any iOS Device }
{ platform:macOS, arch:arm64, variant:Designed for [iPad,iPhone], id:0000FE00-7CCC9802DA488B9F, name:My Mac }
{ platform:iOS Simulator, id:dvtdevice-DVTiOSDeviceSimulatorPlaceholder-iphonesimulator:placeholder, name:Any iOS Simulator Device }
{ platform:visionOS Simulator, variant:Designed for [iPad,iPhone], id:053A7A98-5FD7-453F-A161-ED8CF5BA879E, OS:1.2, name:Apple Vision Pro }
{ platform:visionOS Simulator, variant:Designed for [iPad,iPhone], id:5368165C-FC92-4220-8F33-31E8294414A5, OS:2.1, name:Apple Vision Pro }
{ platform:visionOS Simulator, variant:Designed for [iPad,iPhone], id:139B5B85-24A3-4225-9BE7-A33509E61E3A, OS:2.2, name:Apple Vision Pro }
{ platform:iOS Simulator, id:DF74F7F9-BC7D-45D2-B6D7-365012C9D3E3, OS:17.0.1, name:iPad (10th generation) }
{ platform:iOS Simulator, id:515AD940-54DE-47C5-AFB0-71DA64BD2E4E, OS:17.2, name:iPad (10th generation) }
{ platform:iOS Simulator, id:AD893D61-CF59-4C1F-BC27-17FA95345AEB, OS:17.4, name:iPad (10th generation) }
{ platform:iOS Simulator, id:2CCD0546-54BF-40BA-AC38-A12D1301CCF4, OS:17.5, name:iPad (10th generation) }
{ platform:iOS Simulator, id:5E1D11CA-A613-48CF-91DB-DCC7869F0CD5, OS:18.1, name:iPad (10th generation) }
{ platform:iOS Simulator, id:67F63B96-D57D-490C-8118-60586AF98CFA, OS:18.2, name:iPad (10th generation) }
{ platform:iOS Simulator, id:5663D732-1A65-46D2-936B-E50422D5792B, OS:17.0.1, name:iPad Air (5th generation) }
{ platform:iOS Simulator, id:6C3DF6CE-A91A-4DAF-BBD0-D47F4C0457BC, OS:17.2, name:iPad Air (5th generation) }
{ platform:iOS Simulator, id:6729BE70-A741-4CBF-98D1-8952B5D29F64, OS:17.4, name:iPad Air (5th generation) }
{ platform:iOS Simulator, id:25B3183D-375D-4EAA-8DF5-B2A7BBF9B6D9, OS:17.4, name:iPad Air 11-inch (M2) }
{ platform:iOS Simulator, id:472D7215-B393-46F9-B17A-8C25A48EA87E, OS:17.5, name:iPad Air 11-inch (M2) }
{ platform:iOS Simulator, id:400000AD-7A3F-4967-AEEB-3BC0FCDC0AED, OS:18.1, name:iPad Air 11-inch (M2) }
{ platform:iOS Simulator, id:EB5721BD-03AE-45E8-99B0-2B68B9CB845C, OS:18.2, name:iPad Air 11-inch (M2) }
{ platform:iOS Simulator, id:EAEEF433-7DBF-4642-B59F-E4BBB65FD06A, OS:17.4, name:iPad Air 13-inch (M2) }
{ platform:iOS Simulator, id:863E18C5-8189-490B-8BB9-275BB97D947E, OS:17.5, name:iPad Air 13-inch (M2) }
{ platform:iOS Simulator, id:2EB25C80-6444-4098-A780-F7F59C0F8DD0, OS:18.1, name:iPad Air 13-inch (M2) }
{ platform:iOS Simulator, id:C7ABC0AA-4EEF-4F25-95EB-13FD2E336D3D, OS:18.2, name:iPad Air 13-inch (M2) }
{ platform:iOS Simulator, id:29E0C62D-190C-4E79-98C9-A276D0B4D86C, OS:17.0.1, name:iPad Pro (11-inch) (4th generation) }
{ platform:iOS Simulator, id:3FE96799-A2F6-481F-9014-79F0DF49996D, OS:17.2, name:iPad Pro (11-inch) (4th generation) }
{ platform:iOS Simulator, id:DF049EFE-271B-4EB2-AA47-1D60564A006E, OS:17.4, name:iPad Pro (11-inch) (4th generation) }
{ platform:iOS Simulator, id:1723678C-0F76-4A79-AD2B-1974F77366DD, OS:17.0.1, name:iPad Pro (12.9-inch) (6th generation) }
{ platform:iOS Simulator, id:C7A8F972-935C-416B-BFBD-4B582A7EDC69, OS:17.2, name:iPad Pro (12.9-inch) (6th generation) }
{ platform:iOS Simulator, id:4B481FF8-4D0D-42EB-B97E-9DE64FF49BD6, OS:17.4, name:iPad Pro (12.9-inch) (6th generation) }
{ platform:iOS Simulator, id:11EFB8C6-ED66-489F-A458-204D59C42F76, OS:17.4, name:iPad Pro 11-inch (M4) }
{ platform:iOS Simulator, id:F89BCCFC-5701-4B88-A238-EE866AF4834F, OS:17.5, name:iPad Pro 11-inch (M4) }
{ platform:iOS Simulator, id:F9076D85-9C14-4ED2-93F6-E71E6F981F89, OS:18.1, name:iPad Pro 11-inch (M4) }
{ platform:iOS Simulator, id:4F2A0F20-9193-43F8-A522-C0AA707A082E, OS:18.2, name:iPad Pro 11-inch (M4) }
{ platform:iOS Simulator, id:BBFEF709-CB95-447F-B6CA-D0498DA0B173, OS:17.4, name:iPad Pro 13-inch (M4) }
{ platform:iOS Simulator, id:D69181A5-5606-482B-B916-B040BE2D9FA3, OS:17.5, name:iPad Pro 13-inch (M4) }
{ platform:iOS Simulator, id:BC70BF55-6CA3-43D6-8ACC-E91B7C39C6AB, OS:18.1, name:iPad Pro 13-inch (M4) }
{ platform:iOS Simulator, id:0A36B23B-1467-4152-AFD1-2D260E18A13A, OS:18.2, name:iPad Pro 13-inch (M4) }
{ platform:iOS Simulator, id:BD6387D7-ADCF-4683-B5C2-B6E5A6768FD9, OS:17.0.1, name:iPad mini (6th generation) }
{ platform:iOS Simulator, id:C35FEA6C-B13A-48DD-B9F6-A638EC541DCC, OS:17.2, name:iPad mini (6th generation) }
{ platform:iOS Simulator, id:C7C37F38-AECA-4FC8-B383-F038DCD1588E, OS:17.4, name:iPad mini (6th generation) }
{ platform:iOS Simulator, id:DA1F2196-DA29-4D5E-8BA8-9978EB2033E6, OS:17.5, name:iPad mini (6th generation) }
{ platform:iOS Simulator, id:951E7119-0D57-4405-BC5D-111B9C0B4C97, OS:18.1, name:iPad mini (A17 Pro) }
{ platform:iOS Simulator, id:0F36BEB5-08B4-447F-A9D5-1DE57F2AA740, OS:18.2, name:iPad mini (A17 Pro) }
{ platform:iOS Simulator, id:85C23E01-9DF2-4DCC-B85A-E0BBB7758E48, OS:17.0.1, name:iPhone 15 }
{ platform:iOS Simulator, id:B85A6126-D430-4125-9250-E65CD7DF14B7, OS:17.2, name:iPhone 15 }
{ platform:iOS Simulator, id:30F33610-4843-4C04-99B0-734F24ADAB6B, OS:17.4, name:iPhone 15 }
{ platform:iOS Simulator, id:CC86AE0C-952D-43BA-B4CA-7A9A56FB3E00, OS:17.5, name:iPhone 15 }
{ platform:iOS Simulator, id:2362DC20-1842-497F-9C5B-A214576B4356, OS:18.1, name:iPhone 15 }
{ platform:iOS Simulator, id:17A8C012-E83F-467F-888A-25C2977491AB, OS:17.0.1, name:iPhone 15 Plus }
{ platform:iOS Simulator, id:D4463870-0237-4022-B154-00CCA82A0636, OS:17.2, name:iPhone 15 Plus }
{ platform:iOS Simulator, id:9E6981FD-68F6-499B-9715-54D0AC6B324E, OS:17.4, name:iPhone 15 Plus }
{ platform:iOS Simulator, id:4AA0BA9A-F857-4E14-B7E2-0886D349E70F, OS:17.5, name:iPhone 15 Plus }
{ platform:iOS Simulator, id:285FC63E-9DAB-4465-BA10-E54F0B79DAD8, OS:18.1, name:iPhone 15 Plus }
{ platform:iOS Simulator, id:E3BBCD6B-A52D-45EF-B6E0-96D3151F472D, OS:17.0.1, name:iPhone 15 Pro }
{ platform:iOS Simulator, id:0C511E31-82CB-4CE3-AF79-548A755737AE, OS:17.2, name:iPhone 15 Pro }
{ platform:iOS Simulator, id:E63A4C69-8ADF-4037-A5EE-AE47A98E069B, OS:17.4, name:iPhone 15 Pro }
{ platform:iOS Simulator, id:B15C98D2-D2CB-4366-B470-4881BB76708E, OS:17.5, name:iPhone 15 Pro }
{ platform:iOS Simulator, id:78A14695-FEEB-4A7C-A0FA-91541B02259E, OS:17.0.1, name:iPhone 15 Pro Max }
{ platform:iOS Simulator, id:753632A6-2C76-413F-80EA-EA5B7C90310B, OS:17.2, name:iPhone 15 Pro Max }
{ platform:iOS Simulator, id:F2188A35-1A84-46E5-AD89-58890B04C591, OS:17.4, name:iPhone 15 Pro Max }
{ platform:iOS Simulator, id:B67BB802-8F6F-4830-A0C0-81D202D4AE98, OS:17.5, name:iPhone 15 Pro Max }
{ platform:iOS Simulator, id:A5B144E6-A071-4106-B457-76AA34C952DD, OS:18.1, name:iPhone 16 }
{ platform:iOS Simulator, id:EDC4F281-97FB-4004-B8FA-3ED2BD36749C, OS:18.2, name:iPhone 16 }
{ platform:iOS Simulator, id:CDBA815E-750D-4478-84CE-3B56660EA7E2, OS:18.1, name:iPhone 16 Plus }
{ platform:iOS Simulator, id:21915B6B-125F-4295-A2C0-EC803AABBF05, OS:18.2, name:iPhone 16 Plus }
{ platform:iOS Simulator, id:E6F7DFB4-78AF-4B8D-A285-B24000457240, OS:18.1, name:iPhone 16 Pro }
{ platform:iOS Simulator, id:154781AA-E525-424F-9768-390D4DED6241, OS:18.2, name:iPhone 16 Pro }
{ platform:iOS Simulator, id:D93350B9-61EE-4432-BD8E-E25978972F13, OS:18.1, name:iPhone 16 Pro Max }
{ platform:iOS Simulator, id:F4C49282-5F1D-44F0-B0C6-178B582DB734, OS:18.2, name:iPhone 16 Pro Max }
{ platform:iOS Simulator, id:3E23127D-2EE4-4591-89A5-FD2CEE2A05CE, OS:17.0.1, name:iPhone SE (3rd generation) }
{ platform:iOS Simulator, id:1EEC7A8C-5A8B-4FBE-B86E-AE7A34D4A64A, OS:17.2, name:iPhone SE (3rd generation) }
{ platform:iOS Simulator, id:1A195176-A999-41D7-A7D6-84FCB41A26EF, OS:17.4, name:iPhone SE (3rd generation) }
{ platform:iOS Simulator, id:52978592-8BD6-4A5C-8913-43711812C97D, OS:17.5, name:iPhone SE (3rd generation) }
{ platform:iOS Simulator, id:55BC56C5-67CD-46A7-BB04-A0B19A8F0AAC, OS:18.1, name:iPhone SE (3rd generation) }
{ platform:iOS Simulator, id:A9044B95-7ADA-4C87-9EE0-0393C5CC6805, OS:18.2, name:iPhone SE (3rd generation) }
note: Using codesigning identity override: 

** CLEAN SUCCEEDED **

--- xcodebuild: WARNING: Using the first of multiple matching destinations:
{ platform:iOS, id:dvtdevice-DVTiPhonePlaceholder-iphoneos:placeholder, name:Any iOS Device }
{ platform:macOS, arch:arm64, variant:Designed for [iPad,iPhone], id:0000FE00-7CCC9802DA488B9F, name:My Mac }
{ platform:iOS Simulator, id:dvtdevice-DVTiOSDeviceSimulatorPlaceholder-iphonesimulator:placeholder, name:Any iOS Simulator Device }
{ platform:visionOS Simulator, variant:Designed for [iPad,iPhone], id:053A7A98-5FD7-453F-A161-ED8CF5BA879E, OS:1.2, name:Apple Vision Pro }
{ platform:visionOS Simulator, variant:Designed for [iPad,iPhone], id:5368165C-FC92-4220-8F33-31E8294414A5, OS:2.1, name:Apple Vision Pro }
{ platform:visionOS Simulator, variant:Designed for [iPad,iPhone], id:139B5B85-24A3-4225-9BE7-A33509E61E3A, OS:2.2, name:Apple Vision Pro }
{ platform:iOS Simulator, id:DF74F7F9-BC7D-45D2-B6D7-365012C9D3E3, OS:17.0.1, name:iPad (10th generation) }
{ platform:iOS Simulator, id:515AD940-54DE-47C5-AFB0-71DA64BD2E4E, OS:17.2, name:iPad (10th generation) }
{ platform:iOS Simulator, id:AD893D61-CF59-4C1F-BC27-17FA95345AEB, OS:17.4, name:iPad (10th generation) }
{ platform:iOS Simulator, id:2CCD0546-54BF-40BA-AC38-A12D1301CCF4, OS:17.5, name:iPad (10th generation) }
{ platform:iOS Simulator, id:5E1D11CA-A613-48CF-91DB-DCC7869F0CD5, OS:18.1, name:iPad (10th generation) }
{ platform:iOS Simulator, id:67F63B96-D57D-490C-8118-60586AF98CFA, OS:18.2, name:iPad (10th generation) }
{ platform:iOS Simulator, id:5663D732-1A65-46D2-936B-E50422D5792B, OS:17.0.1, name:iPad Air (5th generation) }
{ platform:iOS Simulator, id:6C3DF6CE-A91A-4DAF-BBD0-D47F4C0457BC, OS:17.2, name:iPad Air (5th generation) }
{ platform:iOS Simulator, id:6729BE70-A741-4CBF-98D1-8952B5D29F64, OS:17.4, name:iPad Air (5th generation) }
{ platform:iOS Simulator, id:25B3183D-375D-4EAA-8DF5-B2A7BBF9B6D9, OS:17.4, name:iPad Air 11-inch (M2) }
{ platform:iOS Simulator, id:472D7215-B393-46F9-B17A-8C25A48EA87E, OS:17.5, name:iPad Air 11-inch (M2) }
{ platform:iOS Simulator, id:400000AD-7A3F-4967-AEEB-3BC0FCDC0AED, OS:18.1, name:iPad Air 11-inch (M2) }
{ platform:iOS Simulator, id:EB5721BD-03AE-45E8-99B0-2B68B9CB845C, OS:18.2, name:iPad Air 11-inch (M2) }
{ platform:iOS Simulator, id:EAEEF433-7DBF-4642-B59F-E4BBB65FD06A, OS:17.4, name:iPad Air 13-inch (M2) }
{ platform:iOS Simulator, id:863E18C5-8189-490B-8BB9-275BB97D947E, OS:17.5, name:iPad Air 13-inch (M2) }
{ platform:iOS Simulator, id:2EB25C80-6444-4098-A780-F7F59C0F8DD0, OS:18.1, name:iPad Air 13-inch (M2) }
{ platform:iOS Simulator, id:C7ABC0AA-4EEF-4F25-95EB-13FD2E336D3D, OS:18.2, name:iPad Air 13-inch (M2) }
{ platform:iOS Simulator, id:29E0C62D-190C-4E79-98C9-A276D0B4D86C, OS:17.0.1, name:iPad Pro (11-inch) (4th generation) }
{ platform:iOS Simulator, id:3FE96799-A2F6-481F-9014-79F0DF49996D, OS:17.2, name:iPad Pro (11-inch) (4th generation) }
{ platform:iOS Simulator, id:DF049EFE-271B-4EB2-AA47-1D60564A006E, OS:17.4, name:iPad Pro (11-inch) (4th generation) }
{ platform:iOS Simulator, id:1723678C-0F76-4A79-AD2B-1974F77366DD, OS:17.0.1, name:iPad Pro (12.9-inch) (6th generation) }
{ platform:iOS Simulator, id:C7A8F972-935C-416B-BFBD-4B582A7EDC69, OS:17.2, name:iPad Pro (12.9-inch) (6th generation) }
{ platform:iOS Simulator, id:4B481FF8-4D0D-42EB-B97E-9DE64FF49BD6, OS:17.4, name:iPad Pro (12.9-inch) (6th generation) }
{ platform:iOS Simulator, id:11EFB8C6-ED66-489F-A458-204D59C42F76, OS:17.4, name:iPad Pro 11-inch (M4) }
{ platform:iOS Simulator, id:F89BCCFC-5701-4B88-A238-EE866AF4834F, OS:17.5, name:iPad Pro 11-inch (M4) }
{ platform:iOS Simulator, id:F9076D85-9C14-4ED2-93F6-E71E6F981F89, OS:18.1, name:iPad Pro 11-inch (M4) }
{ platform:iOS Simulator, id:4F2A0F20-9193-43F8-A522-C0AA707A082E, OS:18.2, name:iPad Pro 11-inch (M4) }
{ platform:iOS Simulator, id:BBFEF709-CB95-447F-B6CA-D0498DA0B173, OS:17.4, name:iPad Pro 13-inch (M4) }
{ platform:iOS Simulator, id:D69181A5-5606-482B-B916-B040BE2D9FA3, OS:17.5, name:iPad Pro 13-inch (M4) }
{ platform:iOS Simulator, id:BC70BF55-6CA3-43D6-8ACC-E91B7C39C6AB, OS:18.1, name:iPad Pro 13-inch (M4) }
{ platform:iOS Simulator, id:0A36B23B-1467-4152-AFD1-2D260E18A13A, OS:18.2, name:iPad Pro 13-inch (M4) }
{ platform:iOS Simulator, id:BD6387D7-ADCF-4683-B5C2-B6E5A6768FD9, OS:17.0.1, name:iPad mini (6th generation) }
{ platform:iOS Simulator, id:C35FEA6C-B13A-48DD-B9F6-A638EC541DCC, OS:17.2, name:iPad mini (6th generation) }
{ platform:iOS Simulator, id:C7C37F38-AECA-4FC8-B383-F038DCD1588E, OS:17.4, name:iPad mini (6th generation) }
{ platform:iOS Simulator, id:DA1F2196-DA29-4D5E-8BA8-9978EB2033E6, OS:17.5, name:iPad mini (6th generation) }
{ platform:iOS Simulator, id:59F198DA-906F-4C0A-B6FC-742F9CB5E6C4, OS:18.1, name:iPad mini (6th generation) }
{ platform:iOS Simulator, id:DC66D34E-78CB-4FC3-9975-91D0590F1CF9, OS:18.2, name:iPad mini (6th generation) }
{ platform:iOS Simulator, id:951E7119-0D57-4405-BC5D-111B9C0B4C97, OS:18.1, name:iPad mini (A17 Pro) }
{ platform:iOS Simulator, id:0F36BEB5-08B4-447F-A9D5-1DE57F2AA740, OS:18.2, name:iPad mini (A17 Pro) }
{ platform:iOS Simulator, id:85C23E01-9DF2-4DCC-B85A-E0BBB7758E48, OS:17.0.1, name:iPhone 15 }
{ platform:iOS Simulator, id:B85A6126-D430-4125-9250-E65CD7DF14B7, OS:17.2, name:iPhone 15 }
{ platform:iOS Simulator, id:30F33610-4843-4C04-99B0-734F24ADAB6B, OS:17.4, name:iPhone 15 }
{ platform:iOS Simulator, id:CC86AE0C-952D-43BA-B4CA-7A9A56FB3E00, OS:17.5, name:iPhone 15 }
{ platform:iOS Simulator, id:2362DC20-1842-497F-9C5B-A214576B4356, OS:18.1, name:iPhone 15 }
{ platform:iOS Simulator, id:2AC1E676-DA28-4244-8358-F4533FA94C97, OS:18.2, name:iPhone 15 }
{ platform:iOS Simulator, id:17A8C012-E83F-467F-888A-25C2977491AB, OS:17.0.1, name:iPhone 15 Plus }
{ platform:iOS Simulator, id:D4463870-0237-4022-B154-00CCA82A0636, OS:17.2, name:iPhone 15 Plus }
{ platform:iOS Simulator, id:9E6981FD-68F6-499B-9715-54D0AC6B324E, OS:17.4, name:iPhone 15 Plus }
{ platform:iOS Simulator, id:4AA0BA9A-F857-4E14-B7E2-0886D349E70F, OS:17.5, name:iPhone 15 Plus }
{ platform:iOS Simulator, id:285FC63E-9DAB-4465-BA10-E54F0B79DAD8, OS:18.1, name:iPhone 15 Plus }
{ platform:iOS Simulator, id:B308B516-BEBB-4B48-BDA8-F25B4C179692, OS:18.2, name:iPhone 15 Plus }
{ platform:iOS Simulator, id:E3BBCD6B-A52D-45EF-B6E0-96D3151F472D, OS:17.0.1, name:iPhone 15 Pro }
{ platform:iOS Simulator, id:0C511E31-82CB-4CE3-AF79-548A755737AE, OS:17.2, name:iPhone 15 Pro }
{ platform:iOS Simulator, id:E63A4C69-8ADF-4037-A5EE-AE47A98E069B, OS:17.4, name:iPhone 15 Pro }
{ platform:iOS Simulator, id:B15C98D2-D2CB-4366-B470-4881BB76708E, OS:17.5, name:iPhone 15 Pro }
{ platform:iOS Simulator, id:5C698ABB-90C8-4198-BDC2-1EAB4E911B66, OS:18.1, name:iPhone 15 Pro }
{ platform:iOS Simulator, id:85F6DD98-6890-4D52-BA3C-D9FCF2645635, OS:18.2, name:iPhone 15 Pro }
{ platform:iOS Simulator, id:78A14695-FEEB-4A7C-A0FA-91541B02259E, OS:17.0.1, name:iPhone 15 Pro Max }
{ platform:iOS Simulator, id:753632A6-2C76-413F-80EA-EA5B7C90310B, OS:17.2, name:iPhone 15 Pro Max }
{ platform:iOS Simulator, id:F2188A35-1A84-46E5-AD89-58890B04C591, OS:17.4, name:iPhone 15 Pro Max }
{ platform:iOS Simulator, id:B67BB802-8F6F-4830-A0C0-81D202D4AE98, OS:17.5, name:iPhone 15 Pro Max }
{ platform:iOS Simulator, id:A034AB52-F280-4919-B4D7-DBC6A97D44DC, OS:18.1, name:iPhone 15 Pro Max }
{ platform:iOS Simulator, id:DA31CB56-2517-4F2B-92C7-BBFD98C50170, OS:18.2, name:iPhone 15 Pro Max }
{ platform:iOS Simulator, id:A5B144E6-A071-4106-B457-76AA34C952DD, OS:18.1, name:iPhone 16 }
{ platform:iOS Simulator, id:EDC4F281-97FB-4004-B8FA-3ED2BD36749C, OS:18.2, name:iPhone 16 }
{ platform:iOS Simulator, id:CDBA815E-750D-4478-84CE-3B56660EA7E2, OS:18.1, name:iPhone 16 Plus }
{ platform:iOS Simulator, id:21915B6B-125F-4295-A2C0-EC803AABBF05, OS:18.2, name:iPhone 16 Plus }
{ platform:iOS Simulator, id:E6F7DFB4-78AF-4B8D-A285-B24000457240, OS:18.1, name:iPhone 16 Pro }
{ platform:iOS Simulator, id:154781AA-E525-424F-9768-390D4DED6241, OS:18.2, name:iPhone 16 Pro }
{ platform:iOS Simulator, id:D93350B9-61EE-4432-BD8E-E25978972F13, OS:18.1, name:iPhone 16 Pro Max }
{ platform:iOS Simulator, id:F4C49282-5F1D-44F0-B0C6-178B582DB734, OS:18.2, name:iPhone 16 Pro Max }
{ platform:iOS Simulator, id:3E23127D-2EE4-4591-89A5-FD2CEE2A05CE, OS:17.0.1, name:iPhone SE (3rd generation) }
{ platform:iOS Simulator, id:1EEC7A8C-5A8B-4FBE-B86E-AE7A34D4A64A, OS:17.2, name:iPhone SE (3rd generation) }
{ platform:iOS Simulator, id:1A195176-A999-41D7-A7D6-84FCB41A26EF, OS:17.4, name:iPhone SE (3rd generation) }
{ platform:iOS Simulator, id:52978592-8BD6-4A5C-8913-43711812C97D, OS:17.5, name:iPhone SE (3rd generation) }
{ platform:iOS Simulator, id:55BC56C5-67CD-46A7-BB04-A0B19A8F0AAC, OS:18.1, name:iPhone SE (3rd generation) }
{ platform:iOS Simulator, id:A9044B95-7ADA-4C87-9EE0-0393C5CC6805, OS:18.2, name:iPhone SE (3rd generation) }
Prepare packages

note: Using codesigning identity override: 
ComputeTargetDependencyGraph
note: Building targets in dependency order
note: Target dependency graph (1 target)
    Target 'Amethyst' in project 'Amethyst' (no dependencies)

GatherProvisioningInputs

CreateBuildDescription

ExecuteExternalTool /Applications/Xcode_15.4.app/Contents/Developer/Toolchains/XcodeDefault.xctoolchain/usr/bin/clang -v -E -dM -arch arm64 -isysroot /Applications/Xcode_15.4.app/Contents/Developer/Platforms/iPhoneOS.platform/Developer/SDKs/iPhoneOS17.5.sdk -x c -c /dev/null

ExecuteExternalTool /Applications/Xcode_15.4.app/Contents/Developer/usr/bin/ibtool --version --output-format xml1

ExecuteExternalTool /Applications/Xcode_15.4.app/Contents/Developer/Toolchains/XcodeDefault.xctoolchain/usr/bin/clang -v -E -dM -isysroot /Applications/Xcode_15.4.app/Contents/Developer/Platforms/iPhoneOS.platform/Developer/SDKs/iPhoneOS17.5.sdk -x c -c /dev/null

ExecuteExternalTool /Applications/Xcode_15.4.app/Contents/Developer/Toolchains/XcodeDefault.xctoolchain/usr/bin/clang -v -E -dM -arch arm64 -isysroot /Applications/Xcode_15.4.app/Contents/Developer/Platforms/iPhoneOS.platform/Developer/SDKs/iPhoneOS17.5.sdk -x objective-c -c /dev/null

ExecuteExternalTool /Applications/Xcode_15.4.app/Contents/Developer/usr/bin/actool --print-asset-tag-combinations --output-format xml1 /Users/runner/work/amethyst/amethyst/Amethyst/Amethyst/Assets.xcassets

ExecuteExternalTool /Applications/Xcode_15.4.app/Contents/Developer/usr/bin/actool --version --output-format xml1

ExecuteExternalTool /Applications/Xcode_15.4.app/Contents/Developer/Toolchains/XcodeDefault.xctoolchain/usr/bin/ld -version_details

Build description signature: 7ce2bcd1f814bd2eec55b0f2f222fc78
Build description path: /Users/runner/Library/Developer/Xcode/DerivedData/Amethyst-bwohqxuoyymrmfcqrhzobdgodqrs/Build/Intermediates.noindex/XCBuildData/7ce2bcd1f814bd2eec55b0f2f222fc78.xcbuilddata
CreateBuildDirectory /Users/runner/work/amethyst/amethyst/Amethyst/build
    cd /Users/runner/work/amethyst/amethyst/Amethyst/Amethyst.xcodeproj
    builtin-create-build-directory /Users/runner/work/amethyst/amethyst/Amethyst/build

CreateBuildDirectory /Users/runner/Library/Developer/Xcode/DerivedData/Amethyst-bwohqxuoyymrmfcqrhzobdgodqrs/Build/Intermediates.noindex
    cd /Users/runner/work/amethyst/amethyst/Amethyst/Amethyst.xcodeproj
    builtin-create-build-directory /Users/runner/Library/Developer/Xcode/DerivedData/Amethyst-bwohqxuoyymrmfcqrhzobdgodqrs/Build/Intermediates.noindex

ClangStatCache /Applications/Xcode_15.4.app/Contents/Developer/Toolchains/XcodeDefault.xctoolchain/usr/bin/clang-stat-cache /Applications/Xcode_15.4.app/Contents/Developer/Platforms/iPhoneOS.platform/Developer/SDKs/iPhoneOS17.5.sdk /Users/runner/Library/Developer/Xcode/DerivedData/SDKStatCaches.noindex/iphoneos17.5-21F77-f0fa7969d082b13145125136a829df3a.sdkstatcache
    cd /Users/runner/work/amethyst/amethyst/Amethyst/Amethyst.xcodeproj
    /Applications/Xcode_15.4.app/Contents/Developer/Toolchains/XcodeDefault.xctoolchain/usr/bin/clang-stat-cache /Applications/Xcode_15.4.app/Contents/Developer/Platforms/iPhoneOS.platform/Developer/SDKs/iPhoneOS17.5.sdk -o /Users/runner/Library/Developer/Xcode/DerivedData/SDKStatCaches.noindex/iphoneos17.5-21F77-f0fa7969d082b13145125136a829df3a.sdkstatcache

CreateBuildDirectory /Users/runner/work/amethyst/amethyst/Amethyst/build/Release-iphoneos
    cd /Users/runner/work/amethyst/amethyst/Amethyst/Amethyst.xcodeproj
    builtin-create-build-directory /Users/runner/work/amethyst/amethyst/Amethyst/build/Release-iphoneos

CreateBuildDirectory /Users/runner/Library/Developer/Xcode/DerivedData/Amethyst-bwohqxuoyymrmfcqrhzobdgodqrs/Build/Intermediates.noindex/EagerLinkingTBDs/Release-iphoneos
    cd /Users/runner/work/amethyst/amethyst/Amethyst/Amethyst.xcodeproj
    builtin-create-build-directory /Users/runner/Library/Developer/Xcode/DerivedData/Amethyst-bwohqxuoyymrmfcqrhzobdgodqrs/Build/Intermediates.noindex/EagerLinkingTBDs/Release-iphoneos

MkDir /Users/runner/work/amethyst/amethyst/Amethyst/build/Release-iphoneos/Amethyst.app (in target 'Amethyst' from project 'Amethyst')
    cd /Users/runner/work/amethyst/amethyst/Amethyst
    /bin/mkdir -p /Users/runner/work/amethyst/amethyst/Amethyst/build/Release-iphoneos/Amethyst.app

WriteAuxiliaryFile /Users/runner/Library/Developer/Xcode/DerivedData/Amethyst-bwohqxuoyymrmfcqrhzobdgodqrs/Build/Intermediates.noindex/Amethyst.build/Release-iphoneos/Amethyst.build/all-product-headers.yaml (in target 'Amethyst' from project 'Amethyst')
    cd /Users/runner/work/amethyst/amethyst/Amethyst
    write-file /Users/runner/Library/Developer/Xcode/DerivedData/Amethyst-bwohqxuoyymrmfcqrhzobdgodqrs/Build/Intermediates.noindex/Amethyst.build/Release-iphoneos/Amethyst.build/all-product-headers.yaml

WriteAuxiliaryFile /Users/runner/Library/Developer/Xcode/DerivedData/Amethyst-bwohqxuoyymrmfcqrhzobdgodqrs/Build/Intermediates.noindex/Amethyst.build/Release-iphoneos/Amethyst.build/Amethyst.hmap (in target 'Amethyst' from project 'Amethyst')
    cd /Users/runner/work/amethyst/amethyst/Amethyst
    write-file /Users/runner/Library/Developer/Xcode/DerivedData/Amethyst-bwohqxuoyymrmfcqrhzobdgodqrs/Build/Intermediates.noindex/Amethyst.build/Release-iphoneos/Amethyst.build/Amethyst.hmap

WriteAuxiliaryFile /Users/runner/Library/Developer/Xcode/DerivedData/Amethyst-bwohqxuoyymrmfcqrhzobdgodqrs/Build/Intermediates.noindex/Amethyst.build/Release-iphoneos/Amethyst.build/Amethyst-project-headers.hmap (in target 'Amethyst' from project 'Amethyst')
    cd /Users/runner/work/amethyst/amethyst/Amethyst
    write-file /Users/runner/Library/Developer/Xcode/DerivedData/Amethyst-bwohqxuoyymrmfcqrhzobdgodqrs/Build/Intermediates.noindex/Amethyst.build/Release-iphoneos/Amethyst.build/Amethyst-project-headers.hmap

WriteAuxiliaryFile /Users/runner/Library/Developer/Xcode/DerivedData/Amethyst-bwohqxuoyymrmfcqrhzobdgodqrs/Build/Intermediates.noindex/Amethyst.build/Release-iphoneos/Amethyst.build/Amethyst-own-target-headers.hmap (in target 'Amethyst' from project 'Amethyst')
    cd /Users/runner/work/amethyst/amethyst/Amethyst
    write-file /Users/runner/Library/Developer/Xcode/DerivedData/Amethyst-bwohqxuoyymrmfcqrhzobdgodqrs/Build/Intermediates.noindex/Amethyst.build/Release-iphoneos/Amethyst.build/Amethyst-own-target-headers.hmap

WriteAuxiliaryFile /Users/runner/Library/Developer/Xcode/DerivedData/Amethyst-bwohqxuoyymrmfcqrhzobdgodqrs/Build/Intermediates.noindex/Amethyst.build/Release-iphoneos/Amethyst.build/Amethyst-generated-files.hmap (in target 'Amethyst' from project 'Amethyst')
    cd /Users/runner/work/amethyst/amethyst/Amethyst
    write-file /Users/runner/Library/Developer/Xcode/DerivedData/Amethyst-bwohqxuoyymrmfcqrhzobdgodqrs/Build/Intermediates.noindex/Amethyst.build/Release-iphoneos/Amethyst.build/Amethyst-generated-files.hmap

WriteAuxiliaryFile /Users/runner/Library/Developer/Xcode/DerivedData/Amethyst-bwohqxuoyymrmfcqrhzobdgodqrs/Build/Intermediates.noindex/Amethyst.build/Release-iphoneos/Amethyst.build/Amethyst-all-target-headers.hmap (in target 'Amethyst' from project 'Amethyst')
    cd /Users/runner/work/amethyst/amethyst/Amethyst
    write-file /Users/runner/Library/Developer/Xcode/DerivedData/Amethyst-bwohqxuoyymrmfcqrhzobdgodqrs/Build/Intermediates.noindex/Amethyst.build/Release-iphoneos/Amethyst.build/Amethyst-all-target-headers.hmap

WriteAuxiliaryFile /Users/runner/Library/Developer/Xcode/DerivedData/Amethyst-bwohqxuoyymrmfcqrhzobdgodqrs/Build/Intermediates.noindex/Amethyst.build/Release-iphoneos/Amethyst.build/Amethyst-all-non-framework-target-headers.hmap (in target 'Amethyst' from project 'Amethyst')
    cd /Users/runner/work/amethyst/amethyst/Amethyst
    write-file /Users/runner/Library/Developer/Xcode/DerivedData/Amethyst-bwohqxuoyymrmfcqrhzobdgodqrs/Build/Intermediates.noindex/Amethyst.build/Release-iphoneos/Amethyst.build/Amethyst-all-non-framework-target-headers.hmap

WriteAuxiliaryFile /Users/runner/Library/Developer/Xcode/DerivedData/Amethyst-bwohqxuoyymrmfcqrhzobdgodqrs/Build/Intermediates.noindex/Amethyst.build/Release-iphoneos/Amethyst.build/Objects-normal/arm64/Amethyst.LinkFileList (in target 'Amethyst' from project 'Amethyst')
    cd /Users/runner/work/amethyst/amethyst/Amethyst
    write-file /Users/runner/Library/Developer/Xcode/DerivedData/Amethyst-bwohqxuoyymrmfcqrhzobdgodqrs/Build/Intermediates.noindex/Amethyst.build/Release-iphoneos/Amethyst.build/Objects-normal/arm64/Amethyst.LinkFileList

WriteAuxiliaryFile /Users/runner/Library/Developer/Xcode/DerivedData/Amethyst-bwohqxuoyymrmfcqrhzobdgodqrs/Build/Intermediates.noindex/Amethyst.build/Release-iphoneos/Amethyst.build/Objects-normal/arm64/e6072d4f65d7061329687fe24e3d63a7-common-args.resp (in target 'Amethyst' from project 'Amethyst')
    cd /Users/runner/work/amethyst/amethyst/Amethyst
    write-file /Users/runner/Library/Developer/Xcode/DerivedData/Amethyst-bwohqxuoyymrmfcqrhzobdgodqrs/Build/Intermediates.noindex/Amethyst.build/Release-iphoneos/Amethyst.build/Objects-normal/arm64/e6072d4f65d7061329687fe24e3d63a7-common-args.resp
-target arm64-apple-ios12.0 '-std=gnu11' -fobjc-arc -fobjc-weak -fmodules -gmodules '-fmodules-cache-path=/Users/runner/Library/Developer/Xcode/DerivedData/ModuleCache.noindex' -fpascal-strings -Os -fno-common '-DNS_BLOCK_ASSERTIONS=1' '-DOBJC_OLD_DISPATCH_PROTOTYPES=0' -isysroot /Applications/Xcode_15.4.app/Contents/Developer/Platforms/iPhoneOS.platform/Developer/SDKs/iPhoneOS17.5.sdk -g '-fvisibility=hidden' -iquote /Users/runner/Library/Developer/Xcode/DerivedData/Amethyst-bwohqxuoyymrmfcqrhzobdgodqrs/Build/Intermediates.noindex/Amethyst.build/Release-iphoneos/Amethyst.build/Amethyst-generated-files.hmap -I/Users/runner/Library/Developer/Xcode/DerivedData/Amethyst-bwohqxuoyymrmfcqrhzobdgodqrs/Build/Intermediates.noindex/Amethyst.build/Release-iphoneos/Amethyst.build/Amethyst-own-target-headers.hmap -I/Users/runner/Library/Developer/Xcode/DerivedData/Amethyst-bwohqxuoyymrmfcqrhzobdgodqrs/Build/Intermediates.noindex/Amethyst.build/Release-iphoneos/Amethyst.build/Amethyst-all-target-headers.hmap -iquote /Users/runner/Library/Developer/Xcode/DerivedData/Amethyst-bwohqxuoyymrmfcqrhzobdgodqrs/Build/Intermediates.noindex/Amethyst.build/Release-iphoneos/Amethyst.build/Amethyst-project-headers.hmap -I/Users/runner/work/amethyst/amethyst/Amethyst/build/Release-iphoneos/include -I/Users/runner/Library/Developer/Xcode/DerivedData/Amethyst-bwohqxuoyymrmfcqrhzobdgodqrs/Build/Intermediates.noindex/Amethyst.build/Release-iphoneos/Amethyst.build/DerivedSources-normal/arm64 -I/Users/runner/Library/Developer/Xcode/DerivedData/Amethyst-bwohqxuoyymrmfcqrhzobdgodqrs/Build/Intermediates.noindex/Amethyst.build/Release-iphoneos/Amethyst.build/DerivedSources/arm64 -I/Users/runner/Library/Developer/Xcode/DerivedData/Amethyst-bwohqxuoyymrmfcqrhzobdgodqrs/Build/Intermediates.noindex/Amethyst.build/Release-iphoneos/Amethyst.build/DerivedSources -F/Users/runner/work/amethyst/amethyst/Amethyst/build/Release-iphoneos

WriteAuxiliaryFile /Users/runner/Library/Developer/Xcode/DerivedData/Amethyst-bwohqxuoyymrmfcqrhzobdgodqrs/Build/Intermediates.noindex/Amethyst.build/Release-iphoneos/Amethyst.build/Objects-normal/arm64/7187679823f38a2a940e0043cdf9d637-common-args.resp (in target 'Amethyst' from project 'Amethyst')
    cd /Users/runner/work/amethyst/amethyst/Amethyst
    write-file /Users/runner/Library/Developer/Xcode/DerivedData/Amethyst-bwohqxuoyymrmfcqrhzobdgodqrs/Build/Intermediates.noindex/Amethyst.build/Release-iphoneos/Amethyst.build/Objects-normal/arm64/7187679823f38a2a940e0043cdf9d637-common-args.resp
-target arm64-apple-ios12.0 '-std=gnu11' -fmodules -gmodules '-fmodules-cache-path=/Users/runner/Library/Developer/Xcode/DerivedData/ModuleCache.noindex' -fpascal-strings -Os -fno-common -isysroot /Applications/Xcode_15.4.app/Contents/Developer/Platforms/iPhoneOS.platform/Developer/SDKs/iPhoneOS17.5.sdk -g '-fvisibility=hidden' -iquote /Users/runner/Library/Developer/Xcode/DerivedData/Amethyst-bwohqxuoyymrmfcqrhzobdgodqrs/Build/Intermediates.noindex/Amethyst.build/Release-iphoneos/Amethyst.build/Amethyst-generated-files.hmap -I/Users/runner/Library/Developer/Xcode/DerivedData/Amethyst-bwohqxuoyymrmfcqrhzobdgodqrs/Build/Intermediates.noindex/Amethyst.build/Release-iphoneos/Amethyst.build/Amethyst-own-target-headers.hmap -I/Users/runner/Library/Developer/Xcode/DerivedData/Amethyst-bwohqxuoyymrmfcqrhzobdgodqrs/Build/Intermediates.noindex/Amethyst.build/Release-iphoneos/Amethyst.build/Amethyst-all-target-headers.hmap -iquote /Users/runner/Library/Developer/Xcode/DerivedData/Amethyst-bwohqxuoyymrmfcqrhzobdgodqrs/Build/Intermediates.noindex/Amethyst.build/Release-iphoneos/Amethyst.build/Amethyst-project-headers.hmap -I/Users/runner/work/amethyst/amethyst/Amethyst/build/Release-iphoneos/include -I/Users/runner/Library/Developer/Xcode/DerivedData/Amethyst-bwohqxuoyymrmfcqrhzobdgodqrs/Build/Intermediates.noindex/Amethyst.build/Release-iphoneos/Amethyst.build/DerivedSources-normal/arm64 -I/Users/runner/Library/Developer/Xcode/DerivedData/Amethyst-bwohqxuoyymrmfcqrhzobdgodqrs/Build/Intermediates.noindex/Amethyst.build/Release-iphoneos/Amethyst.build/DerivedSources/arm64 -I/Users/runner/Library/Developer/Xcode/DerivedData/Amethyst-bwohqxuoyymrmfcqrhzobdgodqrs/Build/Intermediates.noindex/Amethyst.build/Release-iphoneos/Amethyst.build/DerivedSources -F/Users/runner/work/amethyst/amethyst/Amethyst/build/Release-iphoneos

GenerateAssetSymbols /Users/runner/work/amethyst/amethyst/Amethyst/Amethyst/Assets.xcassets (in target 'Amethyst' from project 'Amethyst')
    cd /Users/runner/work/amethyst/amethyst/Amethyst
    /Applications/Xcode_15.4.app/Contents/Developer/usr/bin/actool --output-format human-readable-text --notices --warnings --export-dependency-info /Users/runner/Library/Developer/Xcode/DerivedData/Amethyst-bwohqxuoyymrmfcqrhzobdgodqrs/Build/Intermediates.noindex/Amethyst.build/Release-iphoneos/Amethyst.build/assetcatalog_dependencies --output-partial-info-plist /Users/runner/Library/Developer/Xcode/DerivedData/Amethyst-bwohqxuoyymrmfcqrhzobdgodqrs/Build/Intermediates.noindex/Amethyst.build/Release-iphoneos/Amethyst.build/assetcatalog_generated_info.plist --app-icon AppIcon --accent-color AccentColor --compress-pngs --enable-on-demand-resources YES --development-region en --target-device iphone --target-device ipad --minimum-deployment-target 12.0 --platform iphoneos --compile /Users/runner/work/amethyst/amethyst/Amethyst/build/Release-iphoneos/Amethyst.app /Users/runner/work/amethyst/amethyst/Amethyst/Amethyst/Assets.xcassets --bundle-identifier com.staturnz.amethyst --generate-objc-asset-symbols /Users/runner/Library/Developer/Xcode/DerivedData/Amethyst-bwohqxuoyymrmfcqrhzobdgodqrs/Build/Intermediates.noindex/Amethyst.build/Release-iphoneos/Amethyst.build/DerivedSources/GeneratedAssetSymbols.h --generate-asset-symbol-index /Users/runner/Library/Developer/Xcode/DerivedData/Amethyst-bwohqxuoyymrmfcqrhzobdgodqrs/Build/Intermediates.noindex/Amethyst.build/Release-iphoneos/Amethyst.build/DerivedSources/GeneratedAssetSymbols-Index.plist
/* com.apple.actool.compilation-results */
/Users/runner/Library/Developer/Xcode/DerivedData/Amethyst-bwohqxuoyymrmfcqrhzobdgodqrs/Build/Intermediates.noindex/Amethyst.build/Release-iphoneos/Amethyst.build/DerivedSources/GeneratedAssetSymbols-Index.plist
/Users/runner/Library/Developer/Xcode/DerivedData/Amethyst-bwohqxuoyymrmfcqrhzobdgodqrs/Build/Intermediates.noindex/Amethyst.build/Release-iphoneos/Amethyst.build/DerivedSources/GeneratedAssetSymbols.h


CpResource /Users/runner/work/amethyst/amethyst/Amethyst/build/Release-iphoneos/Amethyst.app/zebra.deb /Users/runner/work/amethyst/amethyst/Amethyst/Amethyst/zebra.deb (in target 'Amethyst' from project 'Amethyst')
    cd /Users/runner/work/amethyst/amethyst/Amethyst
    builtin-copy -exclude .DS_Store -exclude CVS -exclude .svn -exclude .git -exclude .hg -resolve-src-symlinks /Users/runner/work/amethyst/amethyst/Amethyst/Amethyst/zebra.deb /Users/runner/work/amethyst/amethyst/Amethyst/build/Release-iphoneos/Amethyst.app

CpResource /Users/runner/work/amethyst/amethyst/Amethyst/build/Release-iphoneos/Amethyst.app/tnsv2_updater_stub.deb /Users/runner/work/amethyst/amethyst/basebins/tnsv2_updater_stub.deb (in target 'Amethyst' from project 'Amethyst')
    cd /Users/runner/work/amethyst/amethyst/Amethyst
    builtin-copy -exclude .DS_Store -exclude CVS -exclude .svn -exclude .git -exclude .hg -resolve-src-symlinks /Users/runner/work/amethyst/amethyst/basebins/tnsv2_updater_stub.deb /Users/runner/work/amethyst/amethyst/Amethyst/build/Release-iphoneos/Amethyst.app

CpResource /Users/runner/work/amethyst/amethyst/Amethyst/build/Release-iphoneos/Amethyst.app/tnsv2_updater.deb /Users/runner/work/amethyst/amethyst/basebins/tnsv2_updater.deb (in target 'Amethyst' from project 'Amethyst')
    cd /Users/runner/work/amethyst/amethyst/Amethyst
    builtin-copy -exclude .DS_Store -exclude CVS -exclude .svn -exclude .git -exclude .hg -resolve-src-symlinks /Users/runner/work/amethyst/amethyst/basebins/tnsv2_updater.deb /Users/runner/work/amethyst/amethyst/Amethyst/build/Release-iphoneos/Amethyst.app

CpResource /Users/runner/work/amethyst/amethyst/Amethyst/build/Release-iphoneos/Amethyst.app/sileo.deb /Users/runner/work/amethyst/amethyst/Amethyst/Amethyst/sileo.deb (in target 'Amethyst' from project 'Amethyst')
    cd /Users/runner/work/amethyst/amethyst/Amethyst
    builtin-copy -exclude .DS_Store -exclude CVS -exclude .svn -exclude .git -exclude .hg -resolve-src-symlinks /Users/runner/work/amethyst/amethyst/Amethyst/Amethyst/sileo.deb /Users/runner/work/amethyst/amethyst/Amethyst/build/Release-iphoneos/Amethyst.app

CpResource /Users/runner/work/amethyst/amethyst/Amethyst/build/Release-iphoneos/Amethyst.app/libswift.deb /Users/runner/work/amethyst/amethyst/Amethyst/Amethyst/libswift.deb (in target 'Amethyst' from project 'Amethyst')
    cd /Users/runner/work/amethyst/amethyst/Amethyst
    builtin-copy -exclude .DS_Store -exclude CVS -exclude .svn -exclude .git -exclude .hg -resolve-src-symlinks /Users/runner/work/amethyst/amethyst/Amethyst/Amethyst/libswift.deb /Users/runner/work/amethyst/amethyst/Amethyst/build/Release-iphoneos/Amethyst.app

CpResource /Users/runner/work/amethyst/amethyst/Amethyst/build/Release-iphoneos/Amethyst.app/bootstrap-1600.tar.lzfse /Users/runner/work/amethyst/amethyst/Amethyst/Amethyst/bootstrap-1600.tar.lzfse (in target 'Amethyst' from project 'Amethyst')
    cd /Users/runner/work/amethyst/amethyst/Amethyst
    builtin-copy -exclude .DS_Store -exclude CVS -exclude .svn -exclude .git -exclude .hg -resolve-src-symlinks /Users/runner/work/amethyst/amethyst/Amethyst/Amethyst/bootstrap-1600.tar.lzfse /Users/runner/work/amethyst/amethyst/Amethyst/build/Release-iphoneos/Amethyst.app

CpResource /Users/runner/work/amethyst/amethyst/Amethyst/build/Release-iphoneos/Amethyst.app/bootstrap-1500.tar.lzfse /Users/runner/work/amethyst/amethyst/Amethyst/Amethyst/bootstrap-1500.tar.lzfse (in target 'Amethyst' from project 'Amethyst')
    cd /Users/runner/work/amethyst/amethyst/Amethyst
    builtin-copy -exclude .DS_Store -exclude CVS -exclude .svn -exclude .git -exclude .hg -resolve-src-symlinks /Users/runner/work/amethyst/amethyst/Amethyst/Amethyst/bootstrap-1500.tar.lzfse /Users/runner/work/amethyst/amethyst/Amethyst/build/Release-iphoneos/Amethyst.app

CpResource /Users/runner/work/amethyst/amethyst/Amethyst/build/Release-iphoneos/Amethyst.app/basebins.tar /Users/runner/work/amethyst/amethyst/basebins/basebins.tar (in target 'Amethyst' from project 'Amethyst')
    cd /Users/runner/work/amethyst/amethyst/Amethyst
    builtin-copy -exclude .DS_Store -exclude CVS -exclude .svn -exclude .git -exclude .hg -resolve-src-symlinks /Users/runner/work/amethyst/amethyst/basebins/basebins.tar /Users/runner/work/amethyst/amethyst/Amethyst/build/Release-iphoneos/Amethyst.app

CompileStoryboard /Users/runner/work/amethyst/amethyst/Amethyst/Amethyst/Base.lproj/LaunchScreen.storyboard (in target 'Amethyst' from project 'Amethyst')
    cd /Users/runner/work/amethyst/amethyst/Amethyst
    /Applications/Xcode_15.4.app/Contents/Developer/usr/bin/ibtool --errors --warnings --notices --module Amethyst --output-partial-info-plist /Users/runner/Library/Developer/Xcode/DerivedData/Amethyst-bwohqxuoyymrmfcqrhzobdgodqrs/Build/Intermediates.noindex/Amethyst.build/Release-iphoneos/Amethyst.build/Base.lproj/LaunchScreen-SBPartialInfo.plist --auto-activate-custom-fonts --target-device iphone --target-device ipad --minimum-deployment-target 12.0 --output-format human-readable-text --compilation-directory /Users/runner/Library/Developer/Xcode/DerivedData/Amethyst-bwohqxuoyymrmfcqrhzobdgodqrs/Build/Intermediates.noindex/Amethyst.build/Release-iphoneos/Amethyst.build/Base.lproj /Users/runner/work/amethyst/amethyst/Amethyst/Amethyst/Base.lproj/LaunchScreen.storyboard

CompileAssetCatalog /Users/runner/work/amethyst/amethyst/Amethyst/build/Release-iphoneos/Amethyst.app /Users/runner/work/amethyst/amethyst/Amethyst/Amethyst/Assets.xcassets (in target 'Amethyst' from project 'Amethyst')
    cd /Users/runner/work/amethyst/amethyst/Amethyst
    /Applications/Xcode_15.4.app/Contents/Developer/usr/bin/actool --output-format human-readable-text --notices --warnings --export-dependency-info /Users/runner/Library/Developer/Xcode/DerivedData/Amethyst-bwohqxuoyymrmfcqrhzobdgodqrs/Build/Intermediates.noindex/Amethyst.build/Release-iphoneos/Amethyst.build/assetcatalog_dependencies --output-partial-info-plist /Users/runner/Library/Developer/Xcode/DerivedData/Amethyst-bwohqxuoyymrmfcqrhzobdgodqrs/Build/Intermediates.noindex/Amethyst.build/Release-iphoneos/Amethyst.build/assetcatalog_generated_info.plist --app-icon AppIcon --accent-color AccentColor --compress-pngs --enable-on-demand-resources YES --development-region en --target-device iphone --target-device ipad --minimum-deployment-target 12.0 --platform iphoneos --compile /Users/runner/work/amethyst/amethyst/Amethyst/build/Release-iphoneos/Amethyst.app /Users/runner/work/amethyst/amethyst/Amethyst/Amethyst/Assets.xcassets

LinkStoryboards (in target 'Amethyst' from project 'Amethyst')
    cd /Users/runner/work/amethyst/amethyst/Amethyst
    /Applications/Xcode_15.4.app/Contents/Developer/usr/bin/ibtool --errors --warnings --notices --module Amethyst --target-device iphone --target-device ipad --minimum-deployment-target 12.0 --output-format human-readable-text --link /Users/runner/work/amethyst/amethyst/Amethyst/build/Release-iphoneos/Amethyst.app /Users/runner/Library/Developer/Xcode/DerivedData/Amethyst-bwohqxuoyymrmfcqrhzobdgodqrs/Build/Intermediates.noindex/Amethyst.build/Release-iphoneos/Amethyst.build/Base.lproj/LaunchScreen.storyboardc

CompileC /Users/runner/Library/Developer/Xcode/DerivedData/Amethyst-bwohqxuoyymrmfcqrhzobdgodqrs/Build/Intermediates.noindex/Amethyst.build/Release-iphoneos/Amethyst.build/Objects-normal/arm64/utils.o /Users/runner/work/amethyst/amethyst/Amethyst/Amethyst/jailbreak/utils.c normal arm64 c com.apple.compilers.llvm.clang.1_0.compiler (in target 'Amethyst' from project 'Amethyst')
    cd /Users/runner/work/amethyst/amethyst/Amethyst
    /Applications/Xcode_15.4.app/Contents/Developer/Toolchains/XcodeDefault.xctoolchain/usr/bin/clang -x c -ivfsstatcache /Users/runner/Library/Developer/Xcode/DerivedData/SDKStatCaches.noindex/iphoneos17.5-21F77-f0fa7969d082b13145125136a829df3a.sdkstatcache -fmessage-length\=0 -fdiagnostics-show-note-include-stack -fmacro-backtrace-limit\=0 -fno-color-diagnostics -fmodules-prune-interval\=86400 -fmodules-prune-after\=345600 -fbuild-session-file\=/Users/runner/Library/Developer/Xcode/DerivedData/ModuleCache.noindex/Session.modulevalidation -fmodules-validate-once-per-build-session -Wnon-modular-include-in-framework-module -Werror\=non-modular-include-in-framework-module -Wno-trigraphs -Wno-missing-field-initializers -Wno-missing-prototypes -Werror\=return-type -Wdocumentation -Wunreachable-code -Wquoted-include-in-framework-header -Werror\=deprecated-objc-isa-usage -Werror\=objc-root-class -Wno-missing-braces -Wparentheses -Wswitch -Wunused-function -Wno-unused-label -Wno-unused-parameter -Wunused-variable -Wunused-value -Wempty-body -Wuninitialized -Wconditional-uninitialized -Wno-unknown-pragmas -Wno-shadow -Wno-four-char-constants -Wno-conversion -Wconstant-conversion -Wint-conversion -Wbool-conversion -Wenum-conversion -Wno-float-conversion -Wnon-literal-null-conversion -Wobjc-literal-conversion -Wshorten-64-to-32 -Wpointer-sign -Wno-newline-eof -Wno-implicit-fallthrough -fstrict-aliasing -Wdeprecated-declarations -Wno-sign-conversion -Winfinite-recursion -Wcomma -Wblock-capture-autoreleasing -Wstrict-prototypes -Wno-semicolon-before-method-body -Wunguarded-availability @/Users/runner/Library/Developer/Xcode/DerivedData/Amethyst-bwohqxuoyymrmfcqrhzobdgodqrs/Build/Intermediates.noindex/Amethyst.build/Release-iphoneos/Amethyst.build/Objects-normal/arm64/7187679823f38a2a940e0043cdf9d637-common-args.resp -MMD -MT dependencies -MF /Users/runner/Library/Developer/Xcode/DerivedData/Amethyst-bwohqxuoyymrmfcqrhzobdgodqrs/Build/Intermediates.noindex/Amethyst.build/Release-iphoneos/Amethyst.build/Objects-normal/arm64/utils.d --serialize-diagnostics /Users/runner/Library/Developer/Xcode/DerivedData/Amethyst-bwohqxuoyymrmfcqrhzobdgodqrs/Build/Intermediates.noindex/Amethyst.build/Release-iphoneos/Amethyst.build/Objects-normal/arm64/utils.dia -c /Users/runner/work/amethyst/amethyst/Amethyst/Amethyst/jailbreak/utils.c -o /Users/runner/Library/Developer/Xcode/DerivedData/Amethyst-bwohqxuoyymrmfcqrhzobdgodqrs/Build/Intermediates.noindex/Amethyst.build/Release-iphoneos/Amethyst.build/Objects-normal/arm64/utils.o

CompileC /Users/runner/Library/Developer/Xcode/DerivedData/Amethyst-bwohqxuoyymrmfcqrhzobdgodqrs/Build/Intermediates.noindex/Amethyst.build/Release-iphoneos/Amethyst.build/Objects-normal/arm64/util-fc6c331ab015621506f6a948640e2131.o /Users/runner/work/amethyst/amethyst/Amethyst/Amethyst/exploit/hemlock/util.c normal arm64 c com.apple.compilers.llvm.clang.1_0.compiler (in target 'Amethyst' from project 'Amethyst')
    cd /Users/runner/work/amethyst/amethyst/Amethyst
    /Applications/Xcode_15.4.app/Contents/Developer/Toolchains/XcodeDefault.xctoolchain/usr/bin/clang -x c -ivfsstatcache /Users/runner/Library/Developer/Xcode/DerivedData/SDKStatCaches.noindex/iphoneos17.5-21F77-f0fa7969d082b13145125136a829df3a.sdkstatcache -fmessage-length\=0 -fdiagnostics-show-note-include-stack -fmacro-backtrace-limit\=0 -fno-color-diagnostics -fmodules-prune-interval\=86400 -fmodules-prune-after\=345600 -fbuild-session-file\=/Users/runner/Library/Developer/Xcode/DerivedData/ModuleCache.noindex/Session.modulevalidation -fmodules-validate-once-per-build-session -Wnon-modular-include-in-framework-module -Werror\=non-modular-include-in-framework-module -Wno-trigraphs -Wno-missing-field-initializers -Wno-missing-prototypes -Werror\=return-type -Wdocumentation -Wunreachable-code -Wquoted-include-in-framework-header -Werror\=deprecated-objc-isa-usage -Werror\=objc-root-class -Wno-missing-braces -Wparentheses -Wswitch -Wunused-function -Wno-unused-label -Wno-unused-parameter -Wunused-variable -Wunused-value -Wempty-body -Wuninitialized -Wconditional-uninitialized -Wno-unknown-pragmas -Wno-shadow -Wno-four-char-constants -Wno-conversion -Wconstant-conversion -Wint-conversion -Wbool-conversion -Wenum-conversion -Wno-float-conversion -Wnon-literal-null-conversion -Wobjc-literal-conversion -Wshorten-64-to-32 -Wpointer-sign -Wno-newline-eof -Wno-implicit-fallthrough -fstrict-aliasing -Wdeprecated-declarations -Wno-sign-conversion -Winfinite-recursion -Wcomma -Wblock-capture-autoreleasing -Wstrict-prototypes -Wno-semicolon-before-method-body -Wunguarded-availability @/Users/runner/Library/Developer/Xcode/DerivedData/Amethyst-bwohqxuoyymrmfcqrhzobdgodqrs/Build/Intermediates.noindex/Amethyst.build/Release-iphoneos/Amethyst.build/Objects-normal/arm64/7187679823f38a2a940e0043cdf9d637-common-args.resp -MMD -MT dependencies -MF /Users/runner/Library/Developer/Xcode/DerivedData/Amethyst-bwohqxuoyymrmfcqrhzobdgodqrs/Build/Intermediates.noindex/Amethyst.build/Release-iphoneos/Amethyst.build/Objects-normal/arm64/util-fc6c331ab015621506f6a948640e2131.d --serialize-diagnostics /Users/runner/Library/Developer/Xcode/DerivedData/Amethyst-bwohqxuoyymrmfcqrhzobdgodqrs/Build/Intermediates.noindex/Amethyst.build/Release-iphoneos/Amethyst.build/Objects-normal/arm64/util-fc6c331ab015621506f6a948640e2131.dia -c /Users/runner/work/amethyst/amethyst/Amethyst/Amethyst/exploit/hemlock/util.c -o /Users/runner/Library/Developer/Xcode/DerivedData/Amethyst-bwohqxuoyymrmfcqrhzobdgodqrs/Build/Intermediates.noindex/Amethyst.build/Release-iphoneos/Amethyst.build/Objects-normal/arm64/util-fc6c331ab015621506f6a948640e2131.o

CompileC /Users/runner/Library/Developer/Xcode/DerivedData/Amethyst-bwohqxuoyymrmfcqrhzobdgodqrs/Build/Intermediates.noindex/Amethyst.build/Release-iphoneos/Amethyst.build/Objects-normal/arm64/util-2c8f996edf906c269f0eda26d5f3fe12.o /Users/runner/work/amethyst/amethyst/Amethyst/Amethyst/exploit/trigon/util.c normal arm64 c com.apple.compilers.llvm.clang.1_0.compiler (in target 'Amethyst' from project 'Amethyst')
    cd /Users/runner/work/amethyst/amethyst/Amethyst
    /Applications/Xcode_15.4.app/Contents/Developer/Toolchains/XcodeDefault.xctoolchain/usr/bin/clang -x c -ivfsstatcache /Users/runner/Library/Developer/Xcode/DerivedData/SDKStatCaches.noindex/iphoneos17.5-21F77-f0fa7969d082b13145125136a829df3a.sdkstatcache -fmessage-length\=0 -fdiagnostics-show-note-include-stack -fmacro-backtrace-limit\=0 -fno-color-diagnostics -fmodules-prune-interval\=86400 -fmodules-prune-after\=345600 -fbuild-session-file\=/Users/runner/Library/Developer/Xcode/DerivedData/ModuleCache.noindex/Session.modulevalidation -fmodules-validate-once-per-build-session -Wnon-modular-include-in-framework-module -Werror\=non-modular-include-in-framework-module -Wno-trigraphs -Wno-missing-field-initializers -Wno-missing-prototypes -Werror\=return-type -Wdocumentation -Wunreachable-code -Wquoted-include-in-framework-header -Werror\=deprecated-objc-isa-usage -Werror\=objc-root-class -Wno-missing-braces -Wparentheses -Wswitch -Wunused-function -Wno-unused-label -Wno-unused-parameter -Wunused-variable -Wunused-value -Wempty-body -Wuninitialized -Wconditional-uninitialized -Wno-unknown-pragmas -Wno-shadow -Wno-four-char-constants -Wno-conversion -Wconstant-conversion -Wint-conversion -Wbool-conversion -Wenum-conversion -Wno-float-conversion -Wnon-literal-null-conversion -Wobjc-literal-conversion -Wshorten-64-to-32 -Wpointer-sign -Wno-newline-eof -Wno-implicit-fallthrough -fstrict-aliasing -Wdeprecated-declarations -Wno-sign-conversion -Winfinite-recursion -Wcomma -Wblock-capture-autoreleasing -Wstrict-prototypes -Wno-semicolon-before-method-body -Wunguarded-availability @/Users/runner/Library/Developer/Xcode/DerivedData/Amethyst-bwohqxuoyymrmfcqrhzobdgodqrs/Build/Intermediates.noindex/Amethyst.build/Release-iphoneos/Amethyst.build/Objects-normal/arm64/7187679823f38a2a940e0043cdf9d637-common-args.resp -MMD -MT dependencies -MF /Users/runner/Library/Developer/Xcode/DerivedData/Amethyst-bwohqxuoyymrmfcqrhzobdgodqrs/Build/Intermediates.noindex/Amethyst.build/Release-iphoneos/Amethyst.build/Objects-normal/arm64/util-2c8f996edf906c269f0eda26d5f3fe12.d --serialize-diagnostics /Users/runner/Library/Developer/Xcode/DerivedData/Amethyst-bwohqxuoyymrmfcqrhzobdgodqrs/Build/Intermediates.noindex/Amethyst.build/Release-iphoneos/Amethyst.build/Objects-normal/arm64/util-2c8f996edf906c269f0eda26d5f3fe12.dia -c /Users/runner/work/amethyst/amethyst/Amethyst/Amethyst/exploit/trigon/util.c -o /Users/runner/Library/Developer/Xcode/DerivedData/Amethyst-bwohqxuoyymrmfcqrhzobdgodqrs/Build/Intermediates.noindex/Amethyst.build/Release-iphoneos/Amethyst.build/Objects-normal/arm64/util-2c8f996edf906c269f0eda26d5f3fe12.o

CompileC /Users/runner/Library/Developer/Xcode/DerivedData/Amethyst-bwohqxuoyymrmfcqrhzobdgodqrs/Build/Intermediates.noindex/Amethyst.build/Release-iphoneos/Amethyst.build/Objects-normal/arm64/trustcache.o /Users/runner/work/amethyst/amethyst/Amethyst/Amethyst/jailbreak/trustcache.c normal arm64 c com.apple.compilers.llvm.clang.1_0.compiler (in target 'Amethyst' from project 'Amethyst')
    cd /Users/runner/work/amethyst/amethyst/Amethyst
    /Applications/Xcode_15.4.app/Contents/Developer/Toolchains/XcodeDefault.xctoolchain/usr/bin/clang -x c -ivfsstatcache /Users/runner/Library/Developer/Xcode/DerivedData/SDKStatCaches.noindex/iphoneos17.5-21F77-f0fa7969d082b13145125136a829df3a.sdkstatcache -fmessage-length\=0 -fdiagnostics-show-note-include-stack -fmacro-backtrace-limit\=0 -fno-color-diagnostics -fmodules-prune-interval\=86400 -fmodules-prune-after\=345600 -fbuild-session-file\=/Users/runner/Library/Developer/Xcode/DerivedData/ModuleCache.noindex/Session.modulevalidation -fmodules-validate-once-per-build-session -Wnon-modular-include-in-framework-module -Werror\=non-modular-include-in-framework-module -Wno-trigraphs -Wno-missing-field-initializers -Wno-missing-prototypes -Werror\=return-type -Wdocumentation -Wunreachable-code -Wquoted-include-in-framework-header -Werror\=deprecated-objc-isa-usage -Werror\=objc-root-class -Wno-missing-braces -Wparentheses -Wswitch -Wunused-function -Wno-unused-label -Wno-unused-parameter -Wunused-variable -Wunused-value -Wempty-body -Wuninitialized -Wconditional-uninitialized -Wno-unknown-pragmas -Wno-shadow -Wno-four-char-constants -Wno-conversion -Wconstant-conversion -Wint-conversion -Wbool-conversion -Wenum-conversion -Wno-float-conversion -Wnon-literal-null-conversion -Wobjc-literal-conversion -Wshorten-64-to-32 -Wpointer-sign -Wno-newline-eof -Wno-implicit-fallthrough -fstrict-aliasing -Wdeprecated-declarations -Wno-sign-conversion -Winfinite-recursion -Wcomma -Wblock-capture-autoreleasing -Wstrict-prototypes -Wno-semicolon-before-method-body -Wunguarded-availability @/Users/runner/Library/Developer/Xcode/DerivedData/Amethyst-bwohqxuoyymrmfcqrhzobdgodqrs/Build/Intermediates.noindex/Amethyst.build/Release-iphoneos/Amethyst.build/Objects-normal/arm64/7187679823f38a2a940e0043cdf9d637-common-args.resp -MMD -MT dependencies -MF /Users/runner/Library/Developer/Xcode/DerivedData/Amethyst-bwohqxuoyymrmfcqrhzobdgodqrs/Build/Intermediates.noindex/Amethyst.build/Release-iphoneos/Amethyst.build/Objects-normal/arm64/trustcache.d --serialize-diagnostics /Users/runner/Library/Developer/Xcode/DerivedData/Amethyst-bwohqxuoyymrmfcqrhzobdgodqrs/Build/Intermediates.noindex/Amethyst.build/Release-iphoneos/Amethyst.build/Objects-normal/arm64/trustcache.dia -c /Users/runner/work/amethyst/amethyst/Amethyst/Amethyst/jailbreak/trustcache.c -o /Users/runner/Library/Developer/Xcode/DerivedData/Amethyst-bwohqxuoyymrmfcqrhzobdgodqrs/Build/Intermediates.noindex/Amethyst.build/Release-iphoneos/Amethyst.build/Objects-normal/arm64/trustcache.o

CompileC /Users/runner/Library/Developer/Xcode/DerivedData/Amethyst-bwohqxuoyymrmfcqrhzobdgodqrs/Build/Intermediates.noindex/Amethyst.build/Release-iphoneos/Amethyst.build/Objects-normal/arm64/trigon.o /Users/runner/work/amethyst/amethyst/Amethyst/Amethyst/exploit/trigon/trigon.c normal arm64 c com.apple.compilers.llvm.clang.1_0.compiler (in target 'Amethyst' from project 'Amethyst')
    cd /Users/runner/work/amethyst/amethyst/Amethyst
    /Applications/Xcode_15.4.app/Contents/Developer/Toolchains/XcodeDefault.xctoolchain/usr/bin/clang -x c -ivfsstatcache /Users/runner/Library/Developer/Xcode/DerivedData/SDKStatCaches.noindex/iphoneos17.5-21F77-f0fa7969d082b13145125136a829df3a.sdkstatcache -fmessage-length\=0 -fdiagnostics-show-note-include-stack -fmacro-backtrace-limit\=0 -fno-color-diagnostics -fmodules-prune-interval\=86400 -fmodules-prune-after\=345600 -fbuild-session-file\=/Users/runner/Library/Developer/Xcode/DerivedData/ModuleCache.noindex/Session.modulevalidation -fmodules-validate-once-per-build-session -Wnon-modular-include-in-framework-module -Werror\=non-modular-include-in-framework-module -Wno-trigraphs -Wno-missing-field-initializers -Wno-missing-prototypes -Werror\=return-type -Wdocumentation -Wunreachable-code -Wquoted-include-in-framework-header -Werror\=deprecated-objc-isa-usage -Werror\=objc-root-class -Wno-missing-braces -Wparentheses -Wswitch -Wunused-function -Wno-unused-label -Wno-unused-parameter -Wunused-variable -Wunused-value -Wempty-body -Wuninitialized -Wconditional-uninitialized -Wno-unknown-pragmas -Wno-shadow -Wno-four-char-constants -Wno-conversion -Wconstant-conversion -Wint-conversion -Wbool-conversion -Wenum-conversion -Wno-float-conversion -Wnon-literal-null-conversion -Wobjc-literal-conversion -Wshorten-64-to-32 -Wpointer-sign -Wno-newline-eof -Wno-implicit-fallthrough -fstrict-aliasing -Wdeprecated-declarations -Wno-sign-conversion -Winfinite-recursion -Wcomma -Wblock-capture-autoreleasing -Wstrict-prototypes -Wno-semicolon-before-method-body -Wunguarded-availability @/Users/runner/Library/Developer/Xcode/DerivedData/Amethyst-bwohqxuoyymrmfcqrhzobdgodqrs/Build/Intermediates.noindex/Amethyst.build/Release-iphoneos/Amethyst.build/Objects-normal/arm64/7187679823f38a2a940e0043cdf9d637-common-args.resp -MMD -MT dependencies -MF /Users/runner/Library/Developer/Xcode/DerivedData/Amethyst-bwohqxuoyymrmfcqrhzobdgodqrs/Build/Intermediates.noindex/Amethyst.build/Release-iphoneos/Amethyst.build/Objects-normal/arm64/trigon.d --serialize-diagnostics /Users/runner/Library/Developer/Xcode/DerivedData/Amethyst-bwohqxuoyymrmfcqrhzobdgodqrs/Build/Intermediates.noindex/Amethyst.build/Release-iphoneos/Amethyst.build/Objects-normal/arm64/trigon.dia -c /Users/runner/work/amethyst/amethyst/Amethyst/Amethyst/exploit/trigon/trigon.c -o /Users/runner/Library/Developer/Xcode/DerivedData/Amethyst-bwohqxuoyymrmfcqrhzobdgodqrs/Build/Intermediates.noindex/Amethyst.build/Release-iphoneos/Amethyst.build/Objects-normal/arm64/trigon.o

CompileC /Users/runner/Library/Developer/Xcode/DerivedData/Amethyst-bwohqxuoyymrmfcqrhzobdgodqrs/Build/Intermediates.noindex/Amethyst.build/Release-iphoneos/Amethyst.build/Objects-normal/arm64/remount.o /Users/runner/work/amethyst/amethyst/Amethyst/Amethyst/jailbreak/remount.c normal arm64 c com.apple.compilers.llvm.clang.1_0.compiler (in target 'Amethyst' from project 'Amethyst')
    cd /Users/runner/work/amethyst/amethyst/Amethyst
    /Applications/Xcode_15.4.app/Contents/Developer/Toolchains/XcodeDefault.xctoolchain/usr/bin/clang -x c -ivfsstatcache /Users/runner/Library/Developer/Xcode/DerivedData/SDKStatCaches.noindex/iphoneos17.5-21F77-f0fa7969d082b13145125136a829df3a.sdkstatcache -fmessage-length\=0 -fdiagnostics-show-note-include-stack -fmacro-backtrace-limit\=0 -fno-color-diagnostics -fmodules-prune-interval\=86400 -fmodules-prune-after\=345600 -fbuild-session-file\=/Users/runner/Library/Developer/Xcode/DerivedData/ModuleCache.noindex/Session.modulevalidation -fmodules-validate-once-per-build-session -Wnon-modular-include-in-framework-module -Werror\=non-modular-include-in-framework-module -Wno-trigraphs -Wno-missing-field-initializers -Wno-missing-prototypes -Werror\=return-type -Wdocumentation -Wunreachable-code -Wquoted-include-in-framework-header -Werror\=deprecated-objc-isa-usage -Werror\=objc-root-class -Wno-missing-braces -Wparentheses -Wswitch -Wunused-function -Wno-unused-label -Wno-unused-parameter -Wunused-variable -Wunused-value -Wempty-body -Wuninitialized -Wconditional-uninitialized -Wno-unknown-pragmas -Wno-shadow -Wno-four-char-constants -Wno-conversion -Wconstant-conversion -Wint-conversion -Wbool-conversion -Wenum-conversion -Wno-float-conversion -Wnon-literal-null-conversion -Wobjc-literal-conversion -Wshorten-64-to-32 -Wpointer-sign -Wno-newline-eof -Wno-implicit-fallthrough -fstrict-aliasing -Wdeprecated-declarations -Wno-sign-conversion -Winfinite-recursion -Wcomma -Wblock-capture-autoreleasing -Wstrict-prototypes -Wno-semicolon-before-method-body -Wunguarded-availability @/Users/runner/Library/Developer/Xcode/DerivedData/Amethyst-bwohqxuoyymrmfcqrhzobdgodqrs/Build/Intermediates.noindex/Amethyst.build/Release-iphoneos/Amethyst.build/Objects-normal/arm64/7187679823f38a2a940e0043cdf9d637-common-args.resp -MMD -MT dependencies -MF /Users/runner/Library/Developer/Xcode/DerivedData/Amethyst-bwohqxuoyymrmfcqrhzobdgodqrs/Build/Intermediates.noindex/Amethyst.build/Release-iphoneos/Amethyst.build/Objects-normal/arm64/remount.d --serialize-diagnostics /Users/runner/Library/Developer/Xcode/DerivedData/Amethyst-bwohqxuoyymrmfcqrhzobdgodqrs/Build/Intermediates.noindex/Amethyst.build/Release-iphoneos/Amethyst.build/Objects-normal/arm64/remount.dia -c /Users/runner/work/amethyst/amethyst/Amethyst/Amethyst/jailbreak/remount.c -o /Users/runner/Library/Developer/Xcode/DerivedData/Amethyst-bwohqxuoyymrmfcqrhzobdgodqrs/Build/Intermediates.noindex/Amethyst.build/Release-iphoneos/Amethyst.build/Objects-normal/arm64/remount.o

CompileC /Users/runner/Library/Developer/Xcode/DerivedData/Amethyst-bwohqxuoyymrmfcqrhzobdgodqrs/Build/Intermediates.noindex/Amethyst.build/Release-iphoneos/Amethyst.build/Objects-normal/arm64/ppl.o /Users/runner/work/amethyst/amethyst/Amethyst/Amethyst/jailbreak/ppl.c normal arm64 c com.apple.compilers.llvm.clang.1_0.compiler (in target 'Amethyst' from project 'Amethyst')
    cd /Users/runner/work/amethyst/amethyst/Amethyst
    /Applications/Xcode_15.4.app/Contents/Developer/Toolchains/XcodeDefault.xctoolchain/usr/bin/clang -x c -ivfsstatcache /Users/runner/Library/Developer/Xcode/DerivedData/SDKStatCaches.noindex/iphoneos17.5-21F77-f0fa7969d082b13145125136a829df3a.sdkstatcache -fmessage-length\=0 -fdiagnostics-show-note-include-stack -fmacro-backtrace-limit\=0 -fno-color-diagnostics -fmodules-prune-interval\=86400 -fmodules-prune-after\=345600 -fbuild-session-file\=/Users/runner/Library/Developer/Xcode/DerivedData/ModuleCache.noindex/Session.modulevalidation -fmodules-validate-once-per-build-session -Wnon-modular-include-in-framework-module -Werror\=non-modular-include-in-framework-module -Wno-trigraphs -Wno-missing-field-initializers -Wno-missing-prototypes -Werror\=return-type -Wdocumentation -Wunreachable-code -Wquoted-include-in-framework-header -Werror\=deprecated-objc-isa-usage -Werror\=objc-root-class -Wno-missing-braces -Wparentheses -Wswitch -Wunused-function -Wno-unused-label -Wno-unused-parameter -Wunused-variable -Wunused-value -Wempty-body -Wuninitialized -Wconditional-uninitialized -Wno-unknown-pragmas -Wno-shadow -Wno-four-char-constants -Wno-conversion -Wconstant-conversion -Wint-conversion -Wbool-conversion -Wenum-conversion -Wno-float-conversion -Wnon-literal-null-conversion -Wobjc-literal-conversion -Wshorten-64-to-32 -Wpointer-sign -Wno-newline-eof -Wno-implicit-fallthrough -fstrict-aliasing -Wdeprecated-declarations -Wno-sign-conversion -Winfinite-recursion -Wcomma -Wblock-capture-autoreleasing -Wstrict-prototypes -Wno-semicolon-before-method-body -Wunguarded-availability @/Users/runner/Library/Developer/Xcode/DerivedData/Amethyst-bwohqxuoyymrmfcqrhzobdgodqrs/Build/Intermediates.noindex/Amethyst.build/Release-iphoneos/Amethyst.build/Objects-normal/arm64/7187679823f38a2a940e0043cdf9d637-common-args.resp -MMD -MT dependencies -MF /Users/runner/Library/Developer/Xcode/DerivedData/Amethyst-bwohqxuoyymrmfcqrhzobdgodqrs/Build/Intermediates.noindex/Amethyst.build/Release-iphoneos/Amethyst.build/Objects-normal/arm64/ppl.d --serialize-diagnostics /Users/runner/Library/Developer/Xcode/DerivedData/Amethyst-bwohqxuoyymrmfcqrhzobdgodqrs/Build/Intermediates.noindex/Amethyst.build/Release-iphoneos/Amethyst.build/Objects-normal/arm64/ppl.dia -c /Users/runner/work/amethyst/amethyst/Amethyst/Amethyst/jailbreak/ppl.c -o /Users/runner/Library/Developer/Xcode/DerivedData/Amethyst-bwohqxuoyymrmfcqrhzobdgodqrs/Build/Intermediates.noindex/Amethyst.build/Release-iphoneos/Amethyst.build/Objects-normal/arm64/ppl.o

CompileC /Users/runner/Library/Developer/Xcode/DerivedData/Amethyst-bwohqxuoyymrmfcqrhzobdgodqrs/Build/Intermediates.noindex/Amethyst.build/Release-iphoneos/Amethyst.build/Objects-normal/arm64/patchfinder.o /Users/runner/work/amethyst/amethyst/Amethyst/Amethyst/jailbreak/patchfinder.c normal arm64 c com.apple.compilers.llvm.clang.1_0.compiler (in target 'Amethyst' from project 'Amethyst')
    cd /Users/runner/work/amethyst/amethyst/Amethyst
    /Applications/Xcode_15.4.app/Contents/Developer/Toolchains/XcodeDefault.xctoolchain/usr/bin/clang -x c -ivfsstatcache /Users/runner/Library/Developer/Xcode/DerivedData/SDKStatCaches.noindex/iphoneos17.5-21F77-f0fa7969d082b13145125136a829df3a.sdkstatcache -fmessage-length\=0 -fdiagnostics-show-note-include-stack -fmacro-backtrace-limit\=0 -fno-color-diagnostics -fmodules-prune-interval\=86400 -fmodules-prune-after\=345600 -fbuild-session-file\=/Users/runner/Library/Developer/Xcode/DerivedData/ModuleCache.noindex/Session.modulevalidation -fmodules-validate-once-per-build-session -Wnon-modular-include-in-framework-module -Werror\=non-modular-include-in-framework-module -Wno-trigraphs -Wno-missing-field-initializers -Wno-missing-prototypes -Werror\=return-type -Wdocumentation -Wunreachable-code -Wquoted-include-in-framework-header -Werror\=deprecated-objc-isa-usage -Werror\=objc-root-class -Wno-missing-braces -Wparentheses -Wswitch -Wunused-function -Wno-unused-label -Wno-unused-parameter -Wunused-variable -Wunused-value -Wempty-body -Wuninitialized -Wconditional-uninitialized -Wno-unknown-pragmas -Wno-shadow -Wno-four-char-constants -Wno-conversion -Wconstant-conversion -Wint-conversion -Wbool-conversion -Wenum-conversion -Wno-float-conversion -Wnon-literal-null-conversion -Wobjc-literal-conversion -Wshorten-64-to-32 -Wpointer-sign -Wno-newline-eof -Wno-implicit-fallthrough -fstrict-aliasing -Wdeprecated-declarations -Wno-sign-conversion -Winfinite-recursion -Wcomma -Wblock-capture-autoreleasing -Wstrict-prototypes -Wno-semicolon-before-method-body -Wunguarded-availability @/Users/runner/Library/Developer/Xcode/DerivedData/Amethyst-bwohqxuoyymrmfcqrhzobdgodqrs/Build/Intermediates.noindex/Amethyst.build/Release-iphoneos/Amethyst.build/Objects-normal/arm64/7187679823f38a2a940e0043cdf9d637-common-args.resp -MMD -MT dependencies -MF /Users/runner/Library/Developer/Xcode/DerivedData/Amethyst-bwohqxuoyymrmfcqrhzobdgodqrs/Build/Intermediates.noindex/Amethyst.build/Release-iphoneos/Amethyst.build/Objects-normal/arm64/patchfinder.d --serialize-diagnostics /Users/runner/Library/Developer/Xcode/DerivedData/Amethyst-bwohqxuoyymrmfcqrhzobdgodqrs/Build/Intermediates.noindex/Amethyst.build/Release-iphoneos/Amethyst.build/Objects-normal/arm64/patchfinder.dia -c /Users/runner/work/amethyst/amethyst/Amethyst/Amethyst/jailbreak/patchfinder.c -o /Users/runner/Library/Developer/Xcode/DerivedData/Amethyst-bwohqxuoyymrmfcqrhzobdgodqrs/Build/Intermediates.noindex/Amethyst.build/Release-iphoneos/Amethyst.build/Objects-normal/arm64/patchfinder.o

CompileC /Users/runner/Library/Developer/Xcode/DerivedData/Amethyst-bwohqxuoyymrmfcqrhzobdgodqrs/Build/Intermediates.noindex/Amethyst.build/Release-iphoneos/Amethyst.build/Objects-normal/arm64/nvram.o /Users/runner/work/amethyst/amethyst/Amethyst/Amethyst/jailbreak/nvram.c normal arm64 c com.apple.compilers.llvm.clang.1_0.compiler (in target 'Amethyst' from project 'Amethyst')
    cd /Users/runner/work/amethyst/amethyst/Amethyst
    /Applications/Xcode_15.4.app/Contents/Developer/Toolchains/XcodeDefault.xctoolchain/usr/bin/clang -x c -ivfsstatcache /Users/runner/Library/Developer/Xcode/DerivedData/SDKStatCaches.noindex/iphoneos17.5-21F77-f0fa7969d082b13145125136a829df3a.sdkstatcache -fmessage-length\=0 -fdiagnostics-show-note-include-stack -fmacro-backtrace-limit\=0 -fno-color-diagnostics -fmodules-prune-interval\=86400 -fmodules-prune-after\=345600 -fbuild-session-file\=/Users/runner/Library/Developer/Xcode/DerivedData/ModuleCache.noindex/Session.modulevalidation -fmodules-validate-once-per-build-session -Wnon-modular-include-in-framework-module -Werror\=non-modular-include-in-framework-module -Wno-trigraphs -Wno-missing-field-initializers -Wno-missing-prototypes -Werror\=return-type -Wdocumentation -Wunreachable-code -Wquoted-include-in-framework-header -Werror\=deprecated-objc-isa-usage -Werror\=objc-root-class -Wno-missing-braces -Wparentheses -Wswitch -Wunused-function -Wno-unused-label -Wno-unused-parameter -Wunused-variable -Wunused-value -Wempty-body -Wuninitialized -Wconditional-uninitialized -Wno-unknown-pragmas -Wno-shadow -Wno-four-char-constants -Wno-conversion -Wconstant-conversion -Wint-conversion -Wbool-conversion -Wenum-conversion -Wno-float-conversion -Wnon-literal-null-conversion -Wobjc-literal-conversion -Wshorten-64-to-32 -Wpointer-sign -Wno-newline-eof -Wno-implicit-fallthrough -fstrict-aliasing -Wdeprecated-declarations -Wno-sign-conversion -Winfinite-recursion -Wcomma -Wblock-capture-autoreleasing -Wstrict-prototypes -Wno-semicolon-before-method-body -Wunguarded-availability @/Users/runner/Library/Developer/Xcode/DerivedData/Amethyst-bwohqxuoyymrmfcqrhzobdgodqrs/Build/Intermediates.noindex/Amethyst.build/Release-iphoneos/Amethyst.build/Objects-normal/arm64/7187679823f38a2a940e0043cdf9d637-common-args.resp -MMD -MT dependencies -MF /Users/runner/Library/Developer/Xcode/DerivedData/Amethyst-bwohqxuoyymrmfcqrhzobdgodqrs/Build/Intermediates.noindex/Amethyst.build/Release-iphoneos/Amethyst.build/Objects-normal/arm64/nvram.d --serialize-diagnostics /Users/runner/Library/Developer/Xcode/DerivedData/Amethyst-bwohqxuoyymrmfcqrhzobdgodqrs/Build/Intermediates.noindex/Amethyst.build/Release-iphoneos/Amethyst.build/Objects-normal/arm64/nvram.dia -c /Users/runner/work/amethyst/amethyst/Amethyst/Amethyst/jailbreak/nvram.c -o /Users/runner/Library/Developer/Xcode/DerivedData/Amethyst-bwohqxuoyymrmfcqrhzobdgodqrs/Build/Intermediates.noindex/Amethyst.build/Release-iphoneos/Amethyst.build/Objects-normal/arm64/nvram.o
/Users/runner/work/amethyst/amethyst/Amethyst/Amethyst/jailbreak/nvram.c:314:34: error: call to undeclared function 'IORegistryEntryCreateCFProperty'; ISO C99 and later do not support implicit function declarations [-Wimplicit-function-declaration]
            CFTypeRef readback = IORegistryEntryCreateCFProperty(handle->dt_service, CFSTR("com.apple.System.boot-nonce"), NULL, 0);
                                 ^
/Users/runner/work/amethyst/amethyst/Amethyst/Amethyst/jailbreak/nvram.c:314:34: note: did you mean 'IORegistryEntryCreateCFProperties'?
In file included from /Users/runner/work/amethyst/amethyst/Amethyst/Amethyst/jailbreak/nvram.c:2:
/Users/runner/work/amethyst/amethyst/Amethyst/Amethyst/jailbreak/utils.h:134:12: note: 'IORegistryEntryCreateCFProperties' declared here
extern int IORegistryEntryCreateCFProperties(mach_port_t, CFMutableDictionaryRef *, void *, int);
           ^
/Users/runner/work/amethyst/amethyst/Amethyst/Amethyst/jailbreak/nvram.c:314:23: warning: incompatible integer to pointer conversion initializing 'CFTypeRef' (aka 'const void *') with an expression of type 'int' [-Wint-conversion]
            CFTypeRef readback = IORegistryEntryCreateCFProperty(handle->dt_service, CFSTR("com.apple.System.boot-nonce"), NULL, 0);
                      ^          ~~~~~~~~~~~~~~~~~~~~~~~~~~~~~~~~~~~~~~~~~~~~~~~~~~~~~~~~~~~~~~~~~~~~~~~~~~~~~~~~~~~~~~~~~~~~~~~~~~
1 warning and 1 error generated.

CompileC /Users/runner/Library/Developer/Xcode/DerivedData/Amethyst-bwohqxuoyymrmfcqrhzobdgodqrs/Build/Intermediates.noindex/Amethyst.build/Release-iphoneos/Amethyst.build/Objects-normal/arm64/memory.o /Users/runner/work/amethyst/amethyst/Amethyst/Amethyst/jailbreak/memory.c normal arm64 c com.apple.compilers.llvm.clang.1_0.compiler (in target 'Amethyst' from project 'Amethyst')
    cd /Users/runner/work/amethyst/amethyst/Amethyst
    /Applications/Xcode_15.4.app/Contents/Developer/Toolchains/XcodeDefault.xctoolchain/usr/bin/clang -x c -ivfsstatcache /Users/runner/Library/Developer/Xcode/DerivedData/SDKStatCaches.noindex/iphoneos17.5-21F77-f0fa7969d082b13145125136a829df3a.sdkstatcache -fmessage-length\=0 -fdiagnostics-show-note-include-stack -fmacro-backtrace-limit\=0 -fno-color-diagnostics -fmodules-prune-interval\=86400 -fmodules-prune-after\=345600 -fbuild-session-file\=/Users/runner/Library/Developer/Xcode/DerivedData/ModuleCache.noindex/Session.modulevalidation -fmodules-validate-once-per-build-session -Wnon-modular-include-in-framework-module -Werror\=non-modular-include-in-framework-module -Wno-trigraphs -Wno-missing-field-initializers -Wno-missing-prototypes -Werror\=return-type -Wdocumentation -Wunreachable-code -Wquoted-include-in-framework-header -Werror\=deprecated-objc-isa-usage -Werror\=objc-root-class -Wno-missing-braces -Wparentheses -Wswitch -Wunused-function -Wno-unused-label -Wno-unused-parameter -Wunused-variable -Wunused-value -Wempty-body -Wuninitialized -Wconditional-uninitialized -Wno-unknown-pragmas -Wno-shadow -Wno-four-char-constants -Wno-conversion -Wconstant-conversion -Wint-conversion -Wbool-conversion -Wenum-conversion -Wno-float-conversion -Wnon-literal-null-conversion -Wobjc-literal-conversion -Wshorten-64-to-32 -Wpointer-sign -Wno-newline-eof -Wno-implicit-fallthrough -fstrict-aliasing -Wdeprecated-declarations -Wno-sign-conversion -Winfinite-recursion -Wcomma -Wblock-capture-autoreleasing -Wstrict-prototypes -Wno-semicolon-before-method-body -Wunguarded-availability @/Users/runner/Library/Developer/Xcode/DerivedData/Amethyst-bwohqxuoyymrmfcqrhzobdgodqrs/Build/Intermediates.noindex/Amethyst.build/Release-iphoneos/Amethyst.build/Objects-normal/arm64/7187679823f38a2a940e0043cdf9d637-common-args.resp -MMD -MT dependencies -MF /Users/runner/Library/Developer/Xcode/DerivedData/Amethyst-bwohqxuoyymrmfcqrhzobdgodqrs/Build/Intermediates.noindex/Amethyst.build/Release-iphoneos/Amethyst.build/Objects-normal/arm64/memory.d --serialize-diagnostics /Users/runner/Library/Developer/Xcode/DerivedData/Amethyst-bwohqxuoyymrmfcqrhzobdgodqrs/Build/Intermediates.noindex/Amethyst.build/Release-iphoneos/Amethyst.build/Objects-normal/arm64/memory.dia -c /Users/runner/work/amethyst/amethyst/Amethyst/Amethyst/jailbreak/memory.c -o /Users/runner/Library/Developer/Xcode/DerivedData/Amethyst-bwohqxuoyymrmfcqrhzobdgodqrs/Build/Intermediates.noindex/Amethyst.build/Release-iphoneos/Amethyst.build/Objects-normal/arm64/memory.o

** BUILD FAILED **


The following build commands failed:
	CompileC /Users/runner/Library/Developer/Xcode/DerivedData/Amethyst-bwohqxuoyymrmfcqrhzobdgodqrs/Build/Intermediates.noindex/Amethyst.build/Release-iphoneos/Amethyst.build/Objects-normal/arm64/nvram.o /Users/runner/work/amethyst/amethyst/Amethyst/Amethyst/jailbreak/nvram.c normal arm64 c com.apple.compilers.llvm.clang.1_0.compiler (in target 'Amethyst' from project 'Amethyst')
(1 failure)
